../Core/Src/main.c:75:5:__io_putchar	24	static
../Core/Src/main.c:90:5:ReadFeedback	40	static
../Core/Src/main.c:107:6:CriticalFailure	8	static
../Core/Src/main.c:113:6:Precharge	8	static
../Core/Src/main.c:126:6:Discharge	8	static
../Core/Src/main.c:141:6:Off	8	static
../Core/Src/main.c:154:6:HAL_GPIO_EXTI_Callback	24	static
../Core/Src/main.c:164:6:HAL_CAN_RxFifo1MsgPendingCallback	16	static
../Core/Src/main.c:180:5:main	8	static
../Core/Src/main.c:251:6:SystemClock_Config	72	static
../Core/Src/main.c:290:13:MX_CAN_Init	48	static
../Core/Src/main.c:343:13:MX_USART2_UART_Init	8	static
../Core/Src/main.c:376:13:MX_GPIO_Init	40	static
../Core/Src/main.c:435:6:Error_Handler	4	static,ignoring_inline_asm
