../Core/Src/main.c:64:6:Precharge	8	static
../Core/Src/main.c:78:6:Discharge	8	static
../Core/Src/main.c:93:6:Off	8	static
../Core/Src/main.c:106:6:HAL_GPIO_EXTI_Callback	16	static
../Core/Src/main.c:113:6:HAL_CAN_RxFifo1MsgPendingCallback	16	static
../Core/Src/main.c:129:5:main	8	static
../Core/Src/main.c:201:6:SystemClock_Config	72	static
../Core/Src/main.c:240:13:MX_CAN_Init	48	static
../Core/Src/main.c:293:13:MX_GPIO_Init	40	static
../Core/Src/main.c:346:6:Error_Handler	4	static,ignoring_inline_asm
