23:54:00 **** Incremental Build of configuration Debug for project CAN_Node_2 ****
make -j12 all 
arm-none-eabi-gcc "../Core/Src/main.c" -mcpu=cortex-m3 -std=gnu11 -g3 -DDEBUG -DUSE_HAL_DRIVER -DSTM32F103xB -c -I../Core/Inc -I../Drivers/STM32F1xx_HAL_Driver/Inc/Legacy -I../Drivers/STM32F1xx_HAL_Driver/Inc -I../Drivers/CMSIS/Device/ST/STM32F1xx/Include -I../Drivers/CMSIS/Include -O0 -ffunction-sections -fdata-sections -Wall -fstack-usage -fcyclomatic-complexity -MMD -MP -MF"Core/Src/main.d" -MT"Core/Src/main.o" --specs=nano.specs -mfloat-abi=soft -mthumb -o "Core/Src/main.o"
arm-none-eabi-gcc -o "CAN_Node_2.elf" @"objects.list"   -mcpu=cortex-m3 -T"/home/einhart/Documents/repos/PDU_CAN/CAN_Node_2/STM32F103C8TX_FLASH.ld" --specs=nosys.specs -Wl,-Map="CAN_Node_2.map" -Wl,--gc-sections -static --specs=nano.specs -mfloat-abi=soft -mthumb -Wl,--start-group -lc -lm -Wl,--end-group
Finished building target: CAN_Node_2.elf
 
arm-none-eabi-size   CAN_Node_2.elf 
arm-none-eabi-objdump -h -S  CAN_Node_2.elf  > "CAN_Node_2.list"
   text	   data	    bss	    dec	    hex	filename
  20296	    184	   2080	  22560	   5820	CAN_Node_2.elf
Finished building: default.size.stdout
 
Finished building: CAN_Node_2.list
 
